// Jest Snapshot v1, https://goo.gl/fbAQLP

exports[`New account screen should render new account screen 1`] = `
<View
  style={
    {
      "display": "flex",
      "flexDirection": "column",
      "height": "100%",
      "justifyContent": "space-between",
      "paddingHorizontal": 20,
      "paddingTop": 0,
      "paddingVertical": 28,
    }
  }
>
  <View
    style={
      {
        "flex": 1,
        "justifyContent": "flex-start",
      }
    }
  >
    <View>
      <Text
        style={
          [
            {
              "color": "#707070",
            },
            {
              "fontSize": 14,
              "fontWeight": 400,
              "lineHeight": 18,
              "paddingHorizontal": 48,
              "paddingVertical": 19,
              "textAlign": "center",
            },
          ]
        }
      >
        account.countries.text
      </Text>
    </View>
    <View
      accessibilityState={
        {
          "busy": undefined,
          "checked": undefined,
          "disabled": undefined,
          "expanded": undefined,
          "selected": undefined,
        }
      }
      accessibilityValue={
        {
          "max": undefined,
          "min": undefined,
          "now": undefined,
          "text": undefined,
        }
      }
      accessible={true}
      collapsable={false}
      focusable={true}
      onBlur={[Function]}
      onClick={[Function]}
      onFocus={[Function]}
      onResponderGrant={[Function]}
      onResponderMove={[Function]}
      onResponderRelease={[Function]}
      onResponderTerminate={[Function]}
      onResponderTerminationRequest={[Function]}
      onStartShouldSetResponder={[Function]}
      style={
        {
          "width": "100%",
        }
      }
    >
      <View
        style={
          {
            "paddingHorizontal": 10,
            "width": "100%",
          }
        }
        testID="RNE__Input__view-wrapper"
      >
        <Text
          style={
            {
              "color": "#707070",
              "fontSize": 16,
              "fontWeight": "600",
              "lineHeight": 24,
              "paddingBottom": 8,
            }
          }
        >
          account.input.placeholder
        </Text>
        <View
          collapsable={false}
          style={
            {
              "alignItems": "center",
              "borderBottomWidth": 1,
              "borderColor": "#E7E8E9",
              "borderRadius": 5,
              "borderWidth": 1,
              "flexDirection": "row",
              "transform": [
                {
                  "translateX": 0,
                },
              ],
            }
          }
        >
          <TextInput
            editable={false}
            onPressIn={[Function]}
            placeholder="account.input.label"
            placeholderTextColor="#86939e"
            style={
              {
                "color": "#242424",
                "flex": 1,
                "fontSize": 18,
                "minHeight": 40,
                "padding": 18,
                "shadowColor": "rgba(0, 0, 0, 0.08)",
                "shadowOffset": {
                  "height": 4,
                  "width": -2,
                },
                "shadowOpacity": 0.2,
                "shadowRadius": 3,
              }
            }
            testID="RNE__Input__text-input"
            underlineColorAndroid="transparent"
            value=""
          />
          <View
            style={
              {
                "alignItems": "center",
                "height": 21,
                "justifyContent": "center",
                "marginVertical": 4,
                "paddingRight": 18,
                "width": 21,
              }
            }
          />
        </View>
        <Text
          style={
            {
              "color": "#ff190c",
              "fontSize": 12,
              "margin": 5,
            }
          }
        />
      </View>
    </View>
    <RNCSafeAreaView
      edges={
        [
          "bottom",
          "left",
          "right",
          "top",
        ]
      }
    >
      <Modal
        animationType="slide"
        hardwareAccelerated={false}
        onRequestClose={[Function]}
        transparent={true}
        visible={false}
      />
    </RNCSafeAreaView>
  </View>
  <View
    style={
      {
        "display": "flex",
        "flexDirection": "row",
      }
    }
  >
    <View
      accessibilityState={
        {
          "busy": undefined,
          "checked": undefined,
          "disabled": true,
          "expanded": undefined,
          "selected": undefined,
        }
      }
      accessibilityValue={
        {
          "max": undefined,
          "min": undefined,
          "now": undefined,
          "text": undefined,
        }
      }
      accessible={true}
      collapsable={false}
      focusable={true}
      onBlur={[Function]}
      onClick={[Function]}
      onFocus={[Function]}
      onResponderGrant={[Function]}
      onResponderMove={[Function]}
      onResponderRelease={[Function]}
      onResponderTerminate={[Function]}
      onResponderTerminationRequest={[Function]}
      onStartShouldSetResponder={[Function]}
      style={
        {
          "alignItems": "center",
          "backgroundColor": "#E7E8E9",
          "borderRadius": 5,
          "color": "#CFD1D2",
          "elevation": 3,
          "flex": 1,
          "height": 111.42857142857143,
          "justifyContent": "center",
        }
      }
    >
      <Text
        style={
          {
            "backgroundColor": "#E7E8E9",
            "color": "#CFD1D2",
            "fontSize": 21,
            "fontWeight": "600",
            "lineHeight": 32,
          }
        }
      >
        language.select.continue.btn
      </Text>
    </View>
  </View>
</View>
`;
