// Jest Snapshot v1, https://goo.gl/fbAQLP

exports[`Success screen should render  Success screen 1`] = `
<View
  style={
    {
      "alignItems": "center",
      "flex": 1,
      "justifyContent": "center",
    }
  }
>
  <View
    style={
      {
        "padding": 32,
      }
    }
  />
  <Text
    style={
      {
        "color": "#101820",
        "fontSize": 30,
        "fontWeight": "700",
        "paddingBottom": 24,
      }
    }
  >
    email.created
  </Text>
  <Text
    style={
      {
        "color": "#707070",
        "fontSize": 21,
        "lineHeight": 32,
      }
    }
  >
    email.text
  </Text>
</View>
`;
